// Jest Snapshot v1, https://goo.gl/fbAQLP

exports[`application instances list row matches the snapshot 1`] = `ShallowWrapper {}`;
