// Jest Snapshot v1, https://goo.gl/fbAQLP

exports[`application instance modal match the snapshot 1`] = `ShallowWrapper {}`;
