// Jest Snapshot v1, https://goo.gl/fbAQLP

exports[`Essay matches the snapshot 1`] = `ShallowWrapper {}`;
