// Jest Snapshot v1, https://goo.gl/fbAQLP

exports[`home renders the home component 1`] = `ShallowWrapper {}`;
