// Jest Snapshot v1, https://goo.gl/fbAQLP

exports[`Scorm Analytics AnalyticRow first example renders 1`] = `
ShallowWrapper {
  "length": 1,
  Symbol(enzyme.__root__): [Circular],
  Symbol(enzyme.__unrendered__): <AnalyticRow
    depth={2}
    id={1}
    isParent={true}
    name="test application"
    passed="Passed"
    score={0.12}
    show={true}
    tableRowClicked={[Function]}
    time={59}
/>,
  Symbol(enzyme.__renderer__): Object {
    "batchedUpdates": [Function],
    "getNode": [Function],
    "render": [Function],
    "simulateEvent": [Function],
    "unmount": [Function],
  },
  Symbol(enzyme.__node__): Object {
    "instance": null,
    "key": undefined,
    "nodeType": "host",
    "props": Object {
      "children": Array [
        <td
          style={
                    Object {
                              "paddingLeft": "8rem",
                            }
          }
>
          <i
                    className="material-icons"
                    style={
                              Object {
                                        "left": "5.3rem",
                                      }
                    }
          >
                    arrow_drop_down
          </i>
          test application
</td>,
        <td>
          Passed
</td>,
        <td>
          12%
</td>,
        <td>
          59s
</td>,
      ],
      "className": "c-aa-row c-aa-accordion is-open",
      "onClick": [Function],
      "style": Object {
        "cursor": "pointer",
      },
    },
    "ref": null,
    "rendered": Array [
      Object {
        "instance": null,
        "key": undefined,
        "nodeType": "host",
        "props": Object {
          "children": Array [
            <i
              className="material-icons"
              style={
                            Object {
                                          "left": "5.3rem",
                                        }
              }
>
              arrow_drop_down
</i>,
            "test application",
          ],
          "style": Object {
            "paddingLeft": "8rem",
          },
        },
        "ref": null,
        "rendered": Array [
          Object {
            "instance": null,
            "key": undefined,
            "nodeType": "host",
            "props": Object {
              "children": "arrow_drop_down",
              "className": "material-icons",
              "style": Object {
                "left": "5.3rem",
              },
            },
            "ref": null,
            "rendered": "arrow_drop_down",
            "type": "i",
          },
          "test application",
        ],
        "type": "td",
      },
      Object {
        "instance": null,
        "key": undefined,
        "nodeType": "host",
        "props": Object {
          "children": "Passed",
        },
        "ref": null,
        "rendered": "Passed",
        "type": "td",
      },
      Object {
        "instance": null,
        "key": undefined,
        "nodeType": "host",
        "props": Object {
          "children": "12%",
        },
        "ref": null,
        "rendered": "12%",
        "type": "td",
      },
      Object {
        "instance": null,
        "key": undefined,
        "nodeType": "host",
        "props": Object {
          "children": "59s",
        },
        "ref": null,
        "rendered": "59s",
        "type": "td",
      },
    ],
    "type": "tr",
  },
  Symbol(enzyme.__nodes__): Array [
    Object {
      "instance": null,
      "key": undefined,
      "nodeType": "host",
      "props": Object {
        "children": Array [
          <td
            style={
                        Object {
                                    "paddingLeft": "8rem",
                                  }
            }
>
            <i
                        className="material-icons"
                        style={
                                    Object {
                                                "left": "5.3rem",
                                              }
                        }
            >
                        arrow_drop_down
            </i>
            test application
</td>,
          <td>
            Passed
</td>,
          <td>
            12%
</td>,
          <td>
            59s
</td>,
        ],
        "className": "c-aa-row c-aa-accordion is-open",
        "onClick": [Function],
        "style": Object {
          "cursor": "pointer",
        },
      },
      "ref": null,
      "rendered": Array [
        Object {
          "instance": null,
          "key": undefined,
          "nodeType": "host",
          "props": Object {
            "children": Array [
              <i
                className="material-icons"
                style={
                                Object {
                                                "left": "5.3rem",
                                              }
                }
>
                arrow_drop_down
</i>,
              "test application",
            ],
            "style": Object {
              "paddingLeft": "8rem",
            },
          },
          "ref": null,
          "rendered": Array [
            Object {
              "instance": null,
              "key": undefined,
              "nodeType": "host",
              "props": Object {
                "children": "arrow_drop_down",
                "className": "material-icons",
                "style": Object {
                  "left": "5.3rem",
                },
              },
              "ref": null,
              "rendered": "arrow_drop_down",
              "type": "i",
            },
            "test application",
          ],
          "type": "td",
        },
        Object {
          "instance": null,
          "key": undefined,
          "nodeType": "host",
          "props": Object {
            "children": "Passed",
          },
          "ref": null,
          "rendered": "Passed",
          "type": "td",
        },
        Object {
          "instance": null,
          "key": undefined,
          "nodeType": "host",
          "props": Object {
            "children": "12%",
          },
          "ref": null,
          "rendered": "12%",
          "type": "td",
        },
        Object {
          "instance": null,
          "key": undefined,
          "nodeType": "host",
          "props": Object {
            "children": "59s",
          },
          "ref": null,
          "rendered": "59s",
          "type": "td",
        },
      ],
      "type": "tr",
    },
  ],
  Symbol(enzyme.__options__): Object {
    "adapter": ReactFifteenAdapter {
      "options": Object {
        "supportPrevContextArgumentOfComponentDidUpdate": true,
      },
    },
  },
}
`;
