// Jest Snapshot v1, https://goo.gl/fbAQLP

exports[`lti installs account install with account present matches the snapshot 1`] = `ShallowWrapper {}`;
