// Jest Snapshot v1, https://goo.gl/fbAQLP

exports[`lti installs course install row matches the snapshot 1`] = `ShallowWrapper {}`;
