// Jest Snapshot v1, https://goo.gl/fbAQLP

exports[`Exam list matches the snapshot 1`] = `
ShallowWrapper {
  "length": 1,
  Symbol(enzyme.__root__): [Circular],
  Symbol(enzyme.__unrendered__): <BaseExamList
    canvasRequest={[Function]}
    examList={
        Array [
            Object {
              "access_code": "proctored-exam-asdfasdf",
              "id": 1,
              "title": "america",
            },
          ]
    }
    examRequests={
        Object {
            "1": Object {
              "status": "requested",
            },
          }
    }
    getTestingCentersAccount={[Function]}
    lmsCourseId="1"
    lmsUserId="lms user id"
    loadExamRequests={[Function]}
    toolConsumerInstanceName="instance name"
/>,
  Symbol(enzyme.__renderer__): Object {
    "batchedUpdates": [Function],
    "getNode": [Function],
    "render": [Function],
    "simulateEvent": [Function],
    "unmount": [Function],
  },
  Symbol(enzyme.__node__): Object {
    "instance": null,
    "key": undefined,
    "nodeType": "host",
    "props": Object {
      "children": Array [
        <h1
          style={
                    Object {
                              "color": "#555555",
                              "padding": "10px 20px 0px 20px",
                            }
          }
>
          Request an Exam
</h1>,
        <div
          style={
                    Object {
                              "marginBottom": "20px",
                              "padding": "0px 20px",
                            }
          }
>
          If you need to change where you take an exam, create a new request.
</div>,
        <hr
          style={
                    Object {
                              "borderTop": "2px solid #ededed",
                              "margin": "0px",
                            }
          }
/>,
        <table
          className="qa-exam-list-table"
          style={
                    Object {
                              "borderCollapse": "collapse",
                              "width": "100%",
                            }
          }
>
          <thead
                    style={
                              Object {
                                        "backgroundColor": "#f5f5f5",
                                        "color": "#aaa",
                                      }
                    }
          >
                    <tr>
                              <th
                                        style={
                                                  Object {
                                                            "fontWeight": "normal",
                                                            "padding": "15px 20px",
                                                            "textAlign": "left",
                                                            "width": "50%",
                                                          }
                                        }
                              >
                                        EXAM
                              </th>
                              <th
                                        style={
                                                  Object {
                                                            "fontWeight": "normal",
                                                            "padding": "15px 20px",
                                                            "textAlign": "left",
                                                            "width": "25%",
                                                          }
                                        }
                              >
                                        TESTING CENTER
                              </th>
                              <th
                                        style={
                                                  Object {
                                                            "fontWeight": "normal",
                                                            "padding": "15px 20px",
                                                            "textAlign": "left",
                                                            "width": "25%",
                                                          }
                                        }
                              >
                                        STATUS
                              </th>
                    </tr>
          </thead>
          <tbody>
                    <examListItem
                              exam={
                                        Object {
                                                  "access_code": "proctored-exam-asdfasdf",
                                                  "id": 1,
                                                  "title": "america",
                                                }
                              }
                              examRequest={
                                        Object {
                                                  "status": "requested",
                                                }
                              }
                              goToExam={[Function]}
                    />
          </tbody>
</table>,
      ],
    },
    "ref": null,
    "rendered": Array [
      Object {
        "instance": null,
        "key": undefined,
        "nodeType": "host",
        "props": Object {
          "children": "Request an Exam",
          "style": Object {
            "color": "#555555",
            "padding": "10px 20px 0px 20px",
          },
        },
        "ref": null,
        "rendered": "Request an Exam",
        "type": "h1",
      },
      Object {
        "instance": null,
        "key": undefined,
        "nodeType": "host",
        "props": Object {
          "children": "If you need to change where you take an exam, create a new request.",
          "style": Object {
            "marginBottom": "20px",
            "padding": "0px 20px",
          },
        },
        "ref": null,
        "rendered": "If you need to change where you take an exam, create a new request.",
        "type": "div",
      },
      Object {
        "instance": null,
        "key": undefined,
        "nodeType": "host",
        "props": Object {
          "style": Object {
            "borderTop": "2px solid #ededed",
            "margin": "0px",
          },
        },
        "ref": null,
        "rendered": null,
        "type": "hr",
      },
      Object {
        "instance": null,
        "key": undefined,
        "nodeType": "host",
        "props": Object {
          "children": Array [
            <thead
              style={
                            Object {
                                          "backgroundColor": "#f5f5f5",
                                          "color": "#aaa",
                                        }
              }
>
              <tr>
                            <th
                                          style={
                                                        Object {
                                                                      "fontWeight": "normal",
                                                                      "padding": "15px 20px",
                                                                      "textAlign": "left",
                                                                      "width": "50%",
                                                                    }
                                          }
                            >
                                          EXAM
                            </th>
                            <th
                                          style={
                                                        Object {
                                                                      "fontWeight": "normal",
                                                                      "padding": "15px 20px",
                                                                      "textAlign": "left",
                                                                      "width": "25%",
                                                                    }
                                          }
                            >
                                          TESTING CENTER
                            </th>
                            <th
                                          style={
                                                        Object {
                                                                      "fontWeight": "normal",
                                                                      "padding": "15px 20px",
                                                                      "textAlign": "left",
                                                                      "width": "25%",
                                                                    }
                                          }
                            >
                                          STATUS
                            </th>
              </tr>
</thead>,
            <tbody>
              <examListItem
                            exam={
                                          Object {
                                                        "access_code": "proctored-exam-asdfasdf",
                                                        "id": 1,
                                                        "title": "america",
                                                      }
                            }
                            examRequest={
                                          Object {
                                                        "status": "requested",
                                                      }
                            }
                            goToExam={[Function]}
              />
</tbody>,
          ],
          "className": "qa-exam-list-table",
          "style": Object {
            "borderCollapse": "collapse",
            "width": "100%",
          },
        },
        "ref": null,
        "rendered": Array [
          Object {
            "instance": null,
            "key": undefined,
            "nodeType": "host",
            "props": Object {
              "children": <tr>
                <th
                                style={
                                                Object {
                                                                "fontWeight": "normal",
                                                                "padding": "15px 20px",
                                                                "textAlign": "left",
                                                                "width": "50%",
                                                              }
                                }
                >
                                EXAM
                </th>
                <th
                                style={
                                                Object {
                                                                "fontWeight": "normal",
                                                                "padding": "15px 20px",
                                                                "textAlign": "left",
                                                                "width": "25%",
                                                              }
                                }
                >
                                TESTING CENTER
                </th>
                <th
                                style={
                                                Object {
                                                                "fontWeight": "normal",
                                                                "padding": "15px 20px",
                                                                "textAlign": "left",
                                                                "width": "25%",
                                                              }
                                }
                >
                                STATUS
                </th>
</tr>,
              "style": Object {
                "backgroundColor": "#f5f5f5",
                "color": "#aaa",
              },
            },
            "ref": null,
            "rendered": Object {
              "instance": null,
              "key": undefined,
              "nodeType": "host",
              "props": Object {
                "children": Array [
                  <th
                    style={
                                        Object {
                                                            "fontWeight": "normal",
                                                            "padding": "15px 20px",
                                                            "textAlign": "left",
                                                            "width": "50%",
                                                          }
                    }
>
                    EXAM
</th>,
                  <th
                    style={
                                        Object {
                                                            "fontWeight": "normal",
                                                            "padding": "15px 20px",
                                                            "textAlign": "left",
                                                            "width": "25%",
                                                          }
                    }
>
                    TESTING CENTER
</th>,
                  <th
                    style={
                                        Object {
                                                            "fontWeight": "normal",
                                                            "padding": "15px 20px",
                                                            "textAlign": "left",
                                                            "width": "25%",
                                                          }
                    }
>
                    STATUS
</th>,
                ],
              },
              "ref": null,
              "rendered": Array [
                Object {
                  "instance": null,
                  "key": undefined,
                  "nodeType": "host",
                  "props": Object {
                    "children": "EXAM",
                    "style": Object {
                      "fontWeight": "normal",
                      "padding": "15px 20px",
                      "textAlign": "left",
                      "width": "50%",
                    },
                  },
                  "ref": null,
                  "rendered": "EXAM",
                  "type": "th",
                },
                Object {
                  "instance": null,
                  "key": undefined,
                  "nodeType": "host",
                  "props": Object {
                    "children": "TESTING CENTER",
                    "style": Object {
                      "fontWeight": "normal",
                      "padding": "15px 20px",
                      "textAlign": "left",
                      "width": "25%",
                    },
                  },
                  "ref": null,
                  "rendered": "TESTING CENTER",
                  "type": "th",
                },
                Object {
                  "instance": null,
                  "key": undefined,
                  "nodeType": "host",
                  "props": Object {
                    "children": "STATUS",
                    "style": Object {
                      "fontWeight": "normal",
                      "padding": "15px 20px",
                      "textAlign": "left",
                      "width": "25%",
                    },
                  },
                  "ref": null,
                  "rendered": "STATUS",
                  "type": "th",
                },
              ],
              "type": "tr",
            },
            "type": "thead",
          },
          Object {
            "instance": null,
            "key": undefined,
            "nodeType": "host",
            "props": Object {
              "children": Array [
                <examListItem
                  exam={
                                    Object {
                                                      "access_code": "proctored-exam-asdfasdf",
                                                      "id": 1,
                                                      "title": "america",
                                                    }
                  }
                  examRequest={
                                    Object {
                                                      "status": "requested",
                                                    }
                  }
                  goToExam={[Function]}
/>,
              ],
            },
            "ref": null,
            "rendered": Array [
              Object {
                "instance": null,
                "key": "exam_1",
                "nodeType": "function",
                "props": Object {
                  "exam": Object {
                    "access_code": "proctored-exam-asdfasdf",
                    "id": 1,
                    "title": "america",
                  },
                  "examRequest": Object {
                    "status": "requested",
                  },
                  "goToExam": [Function],
                },
                "ref": null,
                "rendered": null,
                "type": [Function],
              },
            ],
            "type": "tbody",
          },
        ],
        "type": "table",
      },
    ],
    "type": "div",
  },
  Symbol(enzyme.__nodes__): Array [
    Object {
      "instance": null,
      "key": undefined,
      "nodeType": "host",
      "props": Object {
        "children": Array [
          <h1
            style={
                        Object {
                                    "color": "#555555",
                                    "padding": "10px 20px 0px 20px",
                                  }
            }
>
            Request an Exam
</h1>,
          <div
            style={
                        Object {
                                    "marginBottom": "20px",
                                    "padding": "0px 20px",
                                  }
            }
>
            If you need to change where you take an exam, create a new request.
</div>,
          <hr
            style={
                        Object {
                                    "borderTop": "2px solid #ededed",
                                    "margin": "0px",
                                  }
            }
/>,
          <table
            className="qa-exam-list-table"
            style={
                        Object {
                                    "borderCollapse": "collapse",
                                    "width": "100%",
                                  }
            }
>
            <thead
                        style={
                                    Object {
                                                "backgroundColor": "#f5f5f5",
                                                "color": "#aaa",
                                              }
                        }
            >
                        <tr>
                                    <th
                                                style={
                                                            Object {
                                                                        "fontWeight": "normal",
                                                                        "padding": "15px 20px",
                                                                        "textAlign": "left",
                                                                        "width": "50%",
                                                                      }
                                                }
                                    >
                                                EXAM
                                    </th>
                                    <th
                                                style={
                                                            Object {
                                                                        "fontWeight": "normal",
                                                                        "padding": "15px 20px",
                                                                        "textAlign": "left",
                                                                        "width": "25%",
                                                                      }
                                                }
                                    >
                                                TESTING CENTER
                                    </th>
                                    <th
                                                style={
                                                            Object {
                                                                        "fontWeight": "normal",
                                                                        "padding": "15px 20px",
                                                                        "textAlign": "left",
                                                                        "width": "25%",
                                                                      }
                                                }
                                    >
                                                STATUS
                                    </th>
                        </tr>
            </thead>
            <tbody>
                        <examListItem
                                    exam={
                                                Object {
                                                            "access_code": "proctored-exam-asdfasdf",
                                                            "id": 1,
                                                            "title": "america",
                                                          }
                                    }
                                    examRequest={
                                                Object {
                                                            "status": "requested",
                                                          }
                                    }
                                    goToExam={[Function]}
                        />
            </tbody>
</table>,
        ],
      },
      "ref": null,
      "rendered": Array [
        Object {
          "instance": null,
          "key": undefined,
          "nodeType": "host",
          "props": Object {
            "children": "Request an Exam",
            "style": Object {
              "color": "#555555",
              "padding": "10px 20px 0px 20px",
            },
          },
          "ref": null,
          "rendered": "Request an Exam",
          "type": "h1",
        },
        Object {
          "instance": null,
          "key": undefined,
          "nodeType": "host",
          "props": Object {
            "children": "If you need to change where you take an exam, create a new request.",
            "style": Object {
              "marginBottom": "20px",
              "padding": "0px 20px",
            },
          },
          "ref": null,
          "rendered": "If you need to change where you take an exam, create a new request.",
          "type": "div",
        },
        Object {
          "instance": null,
          "key": undefined,
          "nodeType": "host",
          "props": Object {
            "style": Object {
              "borderTop": "2px solid #ededed",
              "margin": "0px",
            },
          },
          "ref": null,
          "rendered": null,
          "type": "hr",
        },
        Object {
          "instance": null,
          "key": undefined,
          "nodeType": "host",
          "props": Object {
            "children": Array [
              <thead
                style={
                                Object {
                                                "backgroundColor": "#f5f5f5",
                                                "color": "#aaa",
                                              }
                }
>
                <tr>
                                <th
                                                style={
                                                                Object {
                                                                                "fontWeight": "normal",
                                                                                "padding": "15px 20px",
                                                                                "textAlign": "left",
                                                                                "width": "50%",
                                                                              }
                                                }
                                >
                                                EXAM
                                </th>
                                <th
                                                style={
                                                                Object {
                                                                                "fontWeight": "normal",
                                                                                "padding": "15px 20px",
                                                                                "textAlign": "left",
                                                                                "width": "25%",
                                                                              }
                                                }
                                >
                                                TESTING CENTER
                                </th>
                                <th
                                                style={
                                                                Object {
                                                                                "fontWeight": "normal",
                                                                                "padding": "15px 20px",
                                                                                "textAlign": "left",
                                                                                "width": "25%",
                                                                              }
                                                }
                                >
                                                STATUS
                                </th>
                </tr>
</thead>,
              <tbody>
                <examListItem
                                exam={
                                                Object {
                                                                "access_code": "proctored-exam-asdfasdf",
                                                                "id": 1,
                                                                "title": "america",
                                                              }
                                }
                                examRequest={
                                                Object {
                                                                "status": "requested",
                                                              }
                                }
                                goToExam={[Function]}
                />
</tbody>,
            ],
            "className": "qa-exam-list-table",
            "style": Object {
              "borderCollapse": "collapse",
              "width": "100%",
            },
          },
          "ref": null,
          "rendered": Array [
            Object {
              "instance": null,
              "key": undefined,
              "nodeType": "host",
              "props": Object {
                "children": <tr>
                  <th
                                    style={
                                                      Object {
                                                                        "fontWeight": "normal",
                                                                        "padding": "15px 20px",
                                                                        "textAlign": "left",
                                                                        "width": "50%",
                                                                      }
                                    }
                  >
                                    EXAM
                  </th>
                  <th
                                    style={
                                                      Object {
                                                                        "fontWeight": "normal",
                                                                        "padding": "15px 20px",
                                                                        "textAlign": "left",
                                                                        "width": "25%",
                                                                      }
                                    }
                  >
                                    TESTING CENTER
                  </th>
                  <th
                                    style={
                                                      Object {
                                                                        "fontWeight": "normal",
                                                                        "padding": "15px 20px",
                                                                        "textAlign": "left",
                                                                        "width": "25%",
                                                                      }
                                    }
                  >
                                    STATUS
                  </th>
</tr>,
                "style": Object {
                  "backgroundColor": "#f5f5f5",
                  "color": "#aaa",
                },
              },
              "ref": null,
              "rendered": Object {
                "instance": null,
                "key": undefined,
                "nodeType": "host",
                "props": Object {
                  "children": Array [
                    <th
                      style={
                                            Object {
                                                                  "fontWeight": "normal",
                                                                  "padding": "15px 20px",
                                                                  "textAlign": "left",
                                                                  "width": "50%",
                                                                }
                      }
>
                      EXAM
</th>,
                    <th
                      style={
                                            Object {
                                                                  "fontWeight": "normal",
                                                                  "padding": "15px 20px",
                                                                  "textAlign": "left",
                                                                  "width": "25%",
                                                                }
                      }
>
                      TESTING CENTER
</th>,
                    <th
                      style={
                                            Object {
                                                                  "fontWeight": "normal",
                                                                  "padding": "15px 20px",
                                                                  "textAlign": "left",
                                                                  "width": "25%",
                                                                }
                      }
>
                      STATUS
</th>,
                  ],
                },
                "ref": null,
                "rendered": Array [
                  Object {
                    "instance": null,
                    "key": undefined,
                    "nodeType": "host",
                    "props": Object {
                      "children": "EXAM",
                      "style": Object {
                        "fontWeight": "normal",
                        "padding": "15px 20px",
                        "textAlign": "left",
                        "width": "50%",
                      },
                    },
                    "ref": null,
                    "rendered": "EXAM",
                    "type": "th",
                  },
                  Object {
                    "instance": null,
                    "key": undefined,
                    "nodeType": "host",
                    "props": Object {
                      "children": "TESTING CENTER",
                      "style": Object {
                        "fontWeight": "normal",
                        "padding": "15px 20px",
                        "textAlign": "left",
                        "width": "25%",
                      },
                    },
                    "ref": null,
                    "rendered": "TESTING CENTER",
                    "type": "th",
                  },
                  Object {
                    "instance": null,
                    "key": undefined,
                    "nodeType": "host",
                    "props": Object {
                      "children": "STATUS",
                      "style": Object {
                        "fontWeight": "normal",
                        "padding": "15px 20px",
                        "textAlign": "left",
                        "width": "25%",
                      },
                    },
                    "ref": null,
                    "rendered": "STATUS",
                    "type": "th",
                  },
                ],
                "type": "tr",
              },
              "type": "thead",
            },
            Object {
              "instance": null,
              "key": undefined,
              "nodeType": "host",
              "props": Object {
                "children": Array [
                  <examListItem
                    exam={
                                        Object {
                                                            "access_code": "proctored-exam-asdfasdf",
                                                            "id": 1,
                                                            "title": "america",
                                                          }
                    }
                    examRequest={
                                        Object {
                                                            "status": "requested",
                                                          }
                    }
                    goToExam={[Function]}
/>,
                ],
              },
              "ref": null,
              "rendered": Array [
                Object {
                  "instance": null,
                  "key": "exam_1",
                  "nodeType": "function",
                  "props": Object {
                    "exam": Object {
                      "access_code": "proctored-exam-asdfasdf",
                      "id": 1,
                      "title": "america",
                    },
                    "examRequest": Object {
                      "status": "requested",
                    },
                    "goToExam": [Function],
                  },
                  "ref": null,
                  "rendered": null,
                  "type": [Function],
                },
              ],
              "type": "tbody",
            },
          ],
          "type": "table",
        },
      ],
      "type": "div",
    },
  ],
  Symbol(enzyme.__options__): Object {
    "adapter": ReactFifteenAdapter {
      "options": Object {
        "supportPrevContextArgumentOfComponentDidUpdate": true,
      },
    },
  },
}
`;
