// Jest Snapshot v1, https://goo.gl/fbAQLP

exports[`scorm index matches the snapshot 1`] = `ShallowWrapper {}`;
