// Jest Snapshot v1, https://goo.gl/fbAQLP

exports[`File Upload Button matches the snapshot 1`] = `
ShallowWrapper {
  "length": 1,
  Symbol(enzyme.__root__): [Circular],
  Symbol(enzyme.__unrendered__): <FileUploadButton
    htmlId="quiz"
    selectFile={[Function]}
    text="Button text"
/>,
  Symbol(enzyme.__renderer__): Object {
    "batchedUpdates": [Function],
    "getNode": [Function],
    "render": [Function],
    "simulateEvent": [Function],
    "unmount": [Function],
  },
  Symbol(enzyme.__node__): Object {
    "instance": null,
    "key": null,
    "nodeType": "host",
    "props": Object {
      "children": Array [
        <input
          className="c-upload"
          id="quiz"
          name="quiz"
          onChange={[Function]}
          type="file"
/>,
        <label
          className="c-quiz-label"
          htmlFor="quiz"
>
          <span>
                    Button text
          </span>
</label>,
      ],
    },
    "ref": null,
    "rendered": Array [
      Object {
        "instance": null,
        "key": null,
        "nodeType": "host",
        "props": Object {
          "className": "c-upload",
          "id": "quiz",
          "name": "quiz",
          "onChange": [Function],
          "type": "file",
        },
        "ref": null,
        "rendered": null,
        "type": "input",
      },
      Object {
        "instance": null,
        "key": null,
        "nodeType": "host",
        "props": Object {
          "children": <span>
            Button text
</span>,
          "className": "c-quiz-label",
          "htmlFor": "quiz",
        },
        "ref": null,
        "rendered": Object {
          "instance": null,
          "key": null,
          "nodeType": "host",
          "props": Object {
            "children": "Button text",
          },
          "ref": null,
          "rendered": "Button text",
          "type": "span",
        },
        "type": "label",
      },
    ],
    "type": "div",
  },
  Symbol(enzyme.__nodes__): Array [
    Object {
      "instance": null,
      "key": null,
      "nodeType": "host",
      "props": Object {
        "children": Array [
          <input
            className="c-upload"
            id="quiz"
            name="quiz"
            onChange={[Function]}
            type="file"
/>,
          <label
            className="c-quiz-label"
            htmlFor="quiz"
>
            <span>
                        Button text
            </span>
</label>,
        ],
      },
      "ref": null,
      "rendered": Array [
        Object {
          "instance": null,
          "key": null,
          "nodeType": "host",
          "props": Object {
            "className": "c-upload",
            "id": "quiz",
            "name": "quiz",
            "onChange": [Function],
            "type": "file",
          },
          "ref": null,
          "rendered": null,
          "type": "input",
        },
        Object {
          "instance": null,
          "key": null,
          "nodeType": "host",
          "props": Object {
            "children": <span>
              Button text
</span>,
            "className": "c-quiz-label",
            "htmlFor": "quiz",
          },
          "ref": null,
          "rendered": Object {
            "instance": null,
            "key": null,
            "nodeType": "host",
            "props": Object {
              "children": "Button text",
            },
            "ref": null,
            "rendered": "Button text",
            "type": "span",
          },
          "type": "label",
        },
      ],
      "type": "div",
    },
  ],
  Symbol(enzyme.__options__): Object {
    "adapter": ReactFifteenAdapter {
      "options": Object {
        "supportPrevContextArgumentOfComponentDidUpdate": true,
      },
    },
  },
}
`;
