// Jest Snapshot v1, https://goo.gl/fbAQLP

exports[`Date Selector matches the snapshot 1`] = `
ShallowWrapper {
  "complexSelector": ComplexSelector {
    "buildPredicate": [Function],
    "childrenOfNode": [Function],
    "findWhereUnwrapped": [Function],
  },
  "length": 1,
  "node": <div
    style={undefined}
>
    <div
        style={
            Object {
                "position": "relative",
              }
        }
    >
        <DatePicker
            dateFormat="ddd MMM Do YYYY"
            dateFormatCalendar="MMMM YYYY"
            disabled={false}
            onBlur={[Function]}
            onChange={[Function]}
            onFocus={[Function]}
            popoverAttachment="top left"
            popoverTargetAttachment="bottom left"
            popoverTargetOffset="10px 0"
            readOnly={true}
            selected={"2010-10-20T06:00:00.000Z"}
            tetherConstraints={
                Array [
                    Object {
                      "attachment": "together",
                      "to": "window",
                    },
                  ]
            }
        />
        <button
            className="qa-calendar-btn"
            onMouseDown={[Function]}
            style={
                Object {
                    "backgroundColor": "white",
                    "border": "none",
                    "color": "#555555",
                    "padding": "0px",
                    "position": "absolute",
                    "right": "5px",
                    "top": "7px",
                  }
            }
        >
            <i
                className="material-icons"
            >
                today
            </i>
        </button>
    </div>
</div>,
  "nodes": Array [
    <div
      style={undefined}
>
      <div
            style={
                  Object {
                        "position": "relative",
                      }
            }
      >
            <DatePicker
                  dateFormat="ddd MMM Do YYYY"
                  dateFormatCalendar="MMMM YYYY"
                  disabled={false}
                  onBlur={[Function]}
                  onChange={[Function]}
                  onFocus={[Function]}
                  popoverAttachment="top left"
                  popoverTargetAttachment="bottom left"
                  popoverTargetOffset="10px 0"
                  readOnly={true}
                  selected={"2010-10-20T06:00:00.000Z"}
                  tetherConstraints={
                        Array [
                              Object {
                                "attachment": "together",
                                "to": "window",
                              },
                            ]
                  }
            />
            <button
                  className="qa-calendar-btn"
                  onMouseDown={[Function]}
                  style={
                        Object {
                              "backgroundColor": "white",
                              "border": "none",
                              "color": "#555555",
                              "padding": "0px",
                              "position": "absolute",
                              "right": "5px",
                              "top": "7px",
                            }
                  }
            >
                  <i
                        className="material-icons"
                  >
                        today
                  </i>
            </button>
      </div>
</div>,
  ],
  "options": Object {},
  "renderer": ReactShallowRenderer {
    "_instance": ShallowComponentWrapper {
      "_calledComponentWillUnmount": false,
      "_compositeType": 0,
      "_context": Object {},
      "_currentElement": <DateSelector
        date={2010-10-20T06:00:00.000Z}
        onChange={[Function]}
/>,
      "_debugID": 1,
      "_hostContainerInfo": null,
      "_hostParent": null,
      "_instance": DateSelector {
        "_reactInternalInstance": [Circular],
        "context": Object {},
        "props": Object {
          "date": 2010-10-20T06:00:00.000Z,
          "onChange": [Function],
        },
        "refs": Object {},
        "state": null,
        "updater": Object {
          "enqueueCallback": [Function],
          "enqueueCallbackInternal": [Function],
          "enqueueElementInternal": [Function],
          "enqueueForceUpdate": [Function],
          "enqueueReplaceState": [Function],
          "enqueueSetState": [Function],
          "isMounted": [Function],
          "validateCallback": [Function],
        },
      },
      "_mountOrder": 1,
      "_pendingCallbacks": null,
      "_pendingElement": null,
      "_pendingForceUpdate": false,
      "_pendingReplaceState": false,
      "_pendingStateQueue": null,
      "_renderedComponent": NoopInternalComponent {
        "_currentElement": <div
          style={undefined}
>
          <div
                    style={
                              Object {
                                        "position": "relative",
                                      }
                    }
          >
                    <DatePicker
                              dateFormat="ddd MMM Do YYYY"
                              dateFormatCalendar="MMMM YYYY"
                              disabled={false}
                              onBlur={[Function]}
                              onChange={[Function]}
                              onFocus={[Function]}
                              popoverAttachment="top left"
                              popoverTargetAttachment="bottom left"
                              popoverTargetOffset="10px 0"
                              readOnly={true}
                              selected={"2010-10-20T06:00:00.000Z"}
                              tetherConstraints={
                                        Array [
                                                  Object {
                                                    "attachment": "together",
                                                    "to": "window",
                                                  },
                                                ]
                              }
                    />
                    <button
                              className="qa-calendar-btn"
                              onMouseDown={[Function]}
                              style={
                                        Object {
                                                  "backgroundColor": "white",
                                                  "border": "none",
                                                  "color": "#555555",
                                                  "padding": "0px",
                                                  "position": "absolute",
                                                  "right": "5px",
                                                  "top": "7px",
                                                }
                              }
                    >
                              <i
                                        className="material-icons"
                              >
                                        today
                              </i>
                    </button>
          </div>
</div>,
        "_debugID": 2,
        "_renderedOutput": <div
          style={undefined}
>
          <div
                    style={
                              Object {
                                        "position": "relative",
                                      }
                    }
          >
                    <DatePicker
                              dateFormat="ddd MMM Do YYYY"
                              dateFormatCalendar="MMMM YYYY"
                              disabled={false}
                              onBlur={[Function]}
                              onChange={[Function]}
                              onFocus={[Function]}
                              popoverAttachment="top left"
                              popoverTargetAttachment="bottom left"
                              popoverTargetOffset="10px 0"
                              readOnly={true}
                              selected={"2010-10-20T06:00:00.000Z"}
                              tetherConstraints={
                                        Array [
                                                  Object {
                                                    "attachment": "together",
                                                    "to": "window",
                                                  },
                                                ]
                              }
                    />
                    <button
                              className="qa-calendar-btn"
                              onMouseDown={[Function]}
                              style={
                                        Object {
                                                  "backgroundColor": "white",
                                                  "border": "none",
                                                  "color": "#555555",
                                                  "padding": "0px",
                                                  "position": "absolute",
                                                  "right": "5px",
                                                  "top": "7px",
                                                }
                              }
                    >
                              <i
                                        className="material-icons"
                              >
                                        today
                              </i>
                    </button>
          </div>
</div>,
      },
      "_renderedNodeType": 0,
      "_rootNodeID": 0,
      "_topLevelWrapper": null,
      "_updateBatchNumber": null,
      "_warnedAboutRefsInRender": false,
    },
    "getRenderOutput": [Function],
    "render": [Function],
  },
  "root": [Circular],
  "unrendered": <DateSelector
    date={2010-10-20T06:00:00.000Z}
    onChange={[Function]}
/>,
}
`;
