// Jest Snapshot v1, https://goo.gl/fbAQLP

exports[`textarea matches the snapshot 1`] = `ShallowWrapper {}`;
