// Jest Snapshot v1, https://goo.gl/fbAQLP

exports[`sites list row matches the snapshot 1`] = `ShallowWrapper {}`;
