// Jest Snapshot v1, https://goo.gl/fbAQLP

exports[`Export CSV renders 1`] = `
ShallowWrapper {
  "complexSelector": ComplexSelector {
    "buildPredicate": [Function],
    "childrenOfNode": [Function],
    "findWhereUnwrapped": [Function],
  },
  "length": 1,
  "node": <div
    style={
        Object {
            "height": "100%",
            "position": "absolute",
            "top": "0px",
            "width": "100%",
          }
    }
>
    <div
        className="c-popup  c-popup--export  is-open"
        role="radioGroup"
    >
        <button
            className="c-btn c-btn--cancel"
            onClick={[Function]}
        >
            <i
                className="material-icons"
            >
                clear
            </i>
        </button>
        <div
            className="c-popup__left"
        >
            <ExportButton
                ariaPosinset={1}
                onExport={[Function]}
                text="Export All"
            />
        </div>
        <div
            className="c-popup__right"
        >
            <RangePicker
                endDate={2016-01-31T07:00:00.000Z}
                onEndChange={[Function]}
                onStartChange={[Function]}
                startDate={2016-01-31T07:00:00.000Z}
            />
            <ExportButton
                ariaPosinset={2}
                downloadOptions={
                    Object {
                        "endDate": 2016-01-31T07:00:00.000Z,
                        "startDate": 2016-01-31T07:00:00.000Z,
                      }
                }
                onExport={[Function]}
                text="Export Date Range"
            />
        </div>
    </div>
    <button
        className="c-popup--outside"
        onClick={[Function]}
        style={
            Object {
                "height": "100vh",
                "opacity": "0",
                "position": "absolute",
                "top": "0px",
                "width": "100vw",
                "zIndex": 2,
              }
        }
    />
</div>,
  "nodes": Array [
    <div
      style={
            Object {
                  "height": "100%",
                  "position": "absolute",
                  "top": "0px",
                  "width": "100%",
                }
      }
>
      <div
            className="c-popup  c-popup--export  is-open"
            role="radioGroup"
      >
            <button
                  className="c-btn c-btn--cancel"
                  onClick={[Function]}
            >
                  <i
                        className="material-icons"
                  >
                        clear
                  </i>
            </button>
            <div
                  className="c-popup__left"
            >
                  <ExportButton
                        ariaPosinset={1}
                        onExport={[Function]}
                        text="Export All"
                  />
            </div>
            <div
                  className="c-popup__right"
            >
                  <RangePicker
                        endDate={2016-01-31T07:00:00.000Z}
                        onEndChange={[Function]}
                        onStartChange={[Function]}
                        startDate={2016-01-31T07:00:00.000Z}
                  />
                  <ExportButton
                        ariaPosinset={2}
                        downloadOptions={
                              Object {
                                    "endDate": 2016-01-31T07:00:00.000Z,
                                    "startDate": 2016-01-31T07:00:00.000Z,
                                  }
                        }
                        onExport={[Function]}
                        text="Export Date Range"
                  />
            </div>
      </div>
      <button
            className="c-popup--outside"
            onClick={[Function]}
            style={
                  Object {
                        "height": "100vh",
                        "opacity": "0",
                        "position": "absolute",
                        "top": "0px",
                        "width": "100vw",
                        "zIndex": 2,
                      }
            }
      />
</div>,
  ],
  "options": Object {},
  "renderer": ReactShallowRenderer {
    "_instance": ShallowComponentWrapper {
      "_calledComponentWillUnmount": false,
      "_compositeType": 0,
      "_context": Object {},
      "_currentElement": <ExportModal
        apiUrl=""
        closeModal={[Function]}
        downloadFile={[Function]}
        lmsCourseId="123"
        onExport={[Function]}
/>,
      "_debugID": 1,
      "_hostContainerInfo": null,
      "_hostParent": null,
      "_instance": ExportModal {
        "_reactInternalInstance": [Circular],
        "context": Object {},
        "props": Object {
          "apiUrl": "",
          "closeModal": [Function],
          "downloadFile": [Function],
          "lmsCourseId": "123",
          "onExport": [Function],
        },
        "refs": Object {},
        "state": Object {
          "endDate": 2016-01-31T07:00:00.000Z,
          "startDate": 2016-01-31T07:00:00.000Z,
        },
        "updater": Object {
          "enqueueCallback": [Function],
          "enqueueCallbackInternal": [Function],
          "enqueueElementInternal": [Function],
          "enqueueForceUpdate": [Function],
          "enqueueReplaceState": [Function],
          "enqueueSetState": [Function],
          "isMounted": [Function],
          "validateCallback": [Function],
        },
      },
      "_mountOrder": 1,
      "_pendingCallbacks": null,
      "_pendingElement": null,
      "_pendingForceUpdate": false,
      "_pendingReplaceState": false,
      "_pendingStateQueue": null,
      "_renderedComponent": NoopInternalComponent {
        "_currentElement": <div
          style={
                    Object {
                              "height": "100%",
                              "position": "absolute",
                              "top": "0px",
                              "width": "100%",
                            }
          }
>
          <div
                    className="c-popup  c-popup--export  is-open"
                    role="radioGroup"
          >
                    <button
                              className="c-btn c-btn--cancel"
                              onClick={[Function]}
                    >
                              <i
                                        className="material-icons"
                              >
                                        clear
                              </i>
                    </button>
                    <div
                              className="c-popup__left"
                    >
                              <ExportButton
                                        ariaPosinset={1}
                                        onExport={[Function]}
                                        text="Export All"
                              />
                    </div>
                    <div
                              className="c-popup__right"
                    >
                              <RangePicker
                                        endDate={2016-01-31T07:00:00.000Z}
                                        onEndChange={[Function]}
                                        onStartChange={[Function]}
                                        startDate={2016-01-31T07:00:00.000Z}
                              />
                              <ExportButton
                                        ariaPosinset={2}
                                        downloadOptions={
                                                  Object {
                                                            "endDate": 2016-01-31T07:00:00.000Z,
                                                            "startDate": 2016-01-31T07:00:00.000Z,
                                                          }
                                        }
                                        onExport={[Function]}
                                        text="Export Date Range"
                              />
                    </div>
          </div>
          <button
                    className="c-popup--outside"
                    onClick={[Function]}
                    style={
                              Object {
                                        "height": "100vh",
                                        "opacity": "0",
                                        "position": "absolute",
                                        "top": "0px",
                                        "width": "100vw",
                                        "zIndex": 2,
                                      }
                    }
          />
</div>,
        "_debugID": 2,
        "_renderedOutput": <div
          style={
                    Object {
                              "height": "100%",
                              "position": "absolute",
                              "top": "0px",
                              "width": "100%",
                            }
          }
>
          <div
                    className="c-popup  c-popup--export  is-open"
                    role="radioGroup"
          >
                    <button
                              className="c-btn c-btn--cancel"
                              onClick={[Function]}
                    >
                              <i
                                        className="material-icons"
                              >
                                        clear
                              </i>
                    </button>
                    <div
                              className="c-popup__left"
                    >
                              <ExportButton
                                        ariaPosinset={1}
                                        onExport={[Function]}
                                        text="Export All"
                              />
                    </div>
                    <div
                              className="c-popup__right"
                    >
                              <RangePicker
                                        endDate={2016-01-31T07:00:00.000Z}
                                        onEndChange={[Function]}
                                        onStartChange={[Function]}
                                        startDate={2016-01-31T07:00:00.000Z}
                              />
                              <ExportButton
                                        ariaPosinset={2}
                                        downloadOptions={
                                                  Object {
                                                            "endDate": 2016-01-31T07:00:00.000Z,
                                                            "startDate": 2016-01-31T07:00:00.000Z,
                                                          }
                                        }
                                        onExport={[Function]}
                                        text="Export Date Range"
                              />
                    </div>
          </div>
          <button
                    className="c-popup--outside"
                    onClick={[Function]}
                    style={
                              Object {
                                        "height": "100vh",
                                        "opacity": "0",
                                        "position": "absolute",
                                        "top": "0px",
                                        "width": "100vw",
                                        "zIndex": 2,
                                      }
                    }
          />
</div>,
      },
      "_renderedNodeType": 0,
      "_rootNodeID": 0,
      "_topLevelWrapper": null,
      "_updateBatchNumber": null,
      "_warnedAboutRefsInRender": false,
    },
    "getRenderOutput": [Function],
    "render": [Function],
  },
  "root": [Circular],
  "unrendered": <ExportModal
    apiUrl=""
    closeModal={[Function]}
    downloadFile={[Function]}
    lmsCourseId="123"
    onExport={[Function]}
/>,
}
`;
