// Jest Snapshot v1, https://goo.gl/fbAQLP

exports[`the canvas authentication matches the snapshot 1`] = `
ShallowWrapper {
  "complexSelector": ComplexSelector {
    "buildPredicate": [Function],
    "childrenOfNode": [Function],
    "findWhereUnwrapped": [Function],
  },
  "length": 1,
  "node": <form
    action="http://www.example.com"
>
    <input
        type="submit"
        value="Authorize"
    />
    <input
        name="canvas_oauth_url"
        type="hidden"
        value="http://www.example.com"
    />
</form>,
  "nodes": Array [
    <form
      action="http://www.example.com"
>
      <input
            type="submit"
            value="Authorize"
      />
      <input
            name="canvas_oauth_url"
            type="hidden"
            value="http://www.example.com"
      />
</form>,
  ],
  "options": Object {},
  "renderer": ReactShallowRenderer {
    "_instance": ShallowComponentWrapper {
      "_calledComponentWillUnmount": false,
      "_compositeType": 0,
      "_context": Object {},
      "_currentElement": <CanvasAuthentication
        autoSubmit={false}
        hideButton={false}
        overrides={Object {}}
        settings={
                Object {
                        "canvas_oauth_url": "http://www.example.com",
                      }
        }
/>,
      "_debugID": 1,
      "_hostContainerInfo": null,
      "_hostParent": null,
      "_instance": CanvasAuthentication {
        "_reactInternalInstance": [Circular],
        "context": Object {},
        "props": Object {
          "autoSubmit": false,
          "hideButton": false,
          "overrides": Object {},
          "settings": Object {
            "canvas_oauth_url": "http://www.example.com",
          },
        },
        "refs": Object {},
        "state": null,
        "updater": Object {
          "enqueueCallback": [Function],
          "enqueueCallbackInternal": [Function],
          "enqueueElementInternal": [Function],
          "enqueueForceUpdate": [Function],
          "enqueueReplaceState": [Function],
          "enqueueSetState": [Function],
          "isMounted": [Function],
          "validateCallback": [Function],
        },
      },
      "_mountOrder": 1,
      "_pendingCallbacks": null,
      "_pendingElement": null,
      "_pendingForceUpdate": false,
      "_pendingReplaceState": false,
      "_pendingStateQueue": null,
      "_renderedComponent": NoopInternalComponent {
        "_currentElement": <form
          action="http://www.example.com"
>
          <input
                    type="submit"
                    value="Authorize"
          />
          <input
                    name="canvas_oauth_url"
                    type="hidden"
                    value="http://www.example.com"
          />
</form>,
        "_debugID": 2,
        "_renderedOutput": <form
          action="http://www.example.com"
>
          <input
                    type="submit"
                    value="Authorize"
          />
          <input
                    name="canvas_oauth_url"
                    type="hidden"
                    value="http://www.example.com"
          />
</form>,
      },
      "_renderedNodeType": 0,
      "_rootNodeID": 0,
      "_topLevelWrapper": null,
      "_updateBatchNumber": null,
      "_warnedAboutRefsInRender": false,
    },
    "getRenderOutput": [Function],
    "render": [Function],
  },
  "root": [Circular],
  "unrendered": <CanvasAuthentication
    autoSubmit={false}
    hideButton={false}
    overrides={Object {}}
    settings={
        Object {
            "canvas_oauth_url": "http://www.example.com",
          }
    }
/>,
}
`;
